// Jest Snapshot v1, https://goo.gl/fbAQLP

exports[`<Items /> renders final state correctly 1`] = `
<div>
  <div
    class="items_styles__Center-sc-1jzjd2i-0 eFCBDz"
  >
    <div
      class="items_pagination_styles__StyledItemsPagination-sc-1do2rc3-0 kTuLOm"
    >
      <a
        aria-disabled="true"
        href="items?page=0"
      >
        Prev
      </a>
      <p>
        Page 
        1
         of 
        2
      </p>
      <a
        aria-disabled="false"
        href="items?page=2"
      >
        Next
      </a>
    </div>
    <div
      class="items_styles__ItemsList-sc-1jzjd2i-1 gyVOSp"
    >
      <div
        class="item_styles__Item-sc-1wrkfgx-0 aVlSA"
      >
        <img
          alt="Quo quis molestiae"
          src="foo.jpg"
        />
        <h3
          class="Title-sc-1002kw6-0 eBuTHz"
        >
          <a
            href="/item?id=123"
          >
            Quo quis molestiae
          </a>
        </h3>
        <span
          class="PriceTag-sc-145cui2-0 cUpSNy"
        >
          $1.23
        </span>
        <p>
          Est omnis porro porro quos.
        </p>
        <div
          class="buttonList"
        >
          <a
            href="/update?id=123"
          >
            Edit ✏️
          </a>
          <button
            data-testid="button"
          >
            Add To Cart
          </button>
          <button>
            Delete
          </button>
        </div>
      </div>
      <div
        class="item_styles__Item-sc-1wrkfgx-0 aVlSA"
      >
        <img
          alt="Omnis reiciendis"
          src="foo.jpg"
        />
        <h3
          class="Title-sc-1002kw6-0 eBuTHz"
        >
          <a
            href="/item?id=456"
          >
            Omnis reiciendis
          </a>
        </h3>
        <span
          class="PriceTag-sc-145cui2-0 cUpSNy"
        >
          $4.56
        </span>
        <p>
          Nobis culpa deleniti qui reprehenderit in.
        </p>
        <div
          class="buttonList"
        >
          <a
            href="/update?id=456"
          >
            Edit ✏️
          </a>
          <button
            data-testid="button"
          >
            Add To Cart
          </button>
          <button>
            Delete
          </button>
        </div>
      </div>
    </div>
    <div
      class="items_pagination_styles__StyledItemsPagination-sc-1do2rc3-0 kTuLOm"
    >
      <a
        aria-disabled="true"
        href="items?page=0"
      >
        Prev
      </a>
      <p>
        Page 
        1
         of 
        2
      </p>
      <a
        aria-disabled="false"
        href="items?page=2"
      >
        Next
      </a>
    </div>
  </div>
</div>
`;

exports[`<Items /> renders loading state correctly 1`] = `
<div>
  <p>
    Loading...
  </p>
</div>
`;
