// Jest Snapshot v1, https://goo.gl/fbAQLP

exports[`<Item /> matches the snapshot 1`] = `
<div>
  <div
    class="item_styles__Item-sc-1wrkfgx-0 aVlSA"
  >
    <img
      alt="fake item"
      src="foo.jpg"
    />
    <h3
      class="Title-sc-1002kw6-0 eBuTHz"
    >
      <a
        href="/item?id=1"
      >
        fake item
      </a>
    </h3>
    <span
      class="PriceTag-sc-145cui2-0 cUpSNy"
    >
      $12.34
    </span>
    <p>
      this is a fake item
    </p>
    <div
      class="buttonList"
    >
      <a
        href="/update?id=1"
      >
        Edit ✏️
      </a>
      <button>
        Add To Cart
      </button>
      <button>
        Delete
      </button>
    </div>
  </div>
</div>
`;
